-8.515302464399230210e-04	2.490474333844090442e-05	-1.973166626531553219e-07
-4.747222329522964631e-04	1.904233451315995787e-05	-1.571656927353414494e-07
-7.120081275427868556e-04	2.736296139281321868e-05	-2.240791847653712255e-07
